2026-08-12T02:05:03 OK baseline established: 5749 cases
2026-08-12T11:12:14 OK new=2 changed=0
2026-08-14T11:07:22 OK new=4 changed=1
2026-08-17T10:45:29 OK new=0 changed=1 removed=2 ANOMALY=1
2026-08-17T10:45:29    anomaly MOPS 資料中有 2 筆案件消失（sii/2355, otc/6804）；歷史案件正常不應消失。
2026-08-18T10:42:27 OK new=2 changed=0 removed=1 ANOMALY=1
2026-08-18T10:42:27    anomaly MOPS 資料中有 1 筆案件消失（otc/8171）；歷史案件正常不應消失。
2026-08-19T10:43:02 OK new=0 changed=1 removed=1 ANOMALY=1
2026-08-19T10:43:02    anomaly MOPS 資料中有 1 筆案件消失（otc/6284）；歷史案件正常不應消失。
2026-08-20T10:44:59 OK new=0 changed=0
2026-08-21T10:42:50 OK new=2 changed=0
2026-08-24T10:52:23 OK new=2 changed=3
2026-08-25T10:48:45 OK new=0 changed=3
2026-08-26T10:48:41 OK new=0 changed=0
2026-08-27T20:21:59 OK new=0 changed=1
2026-08-28T21:10:38 OK new=0 changed=4
2026-08-31T17:35:16 OK new=1 changed=0 removed=1 ANOMALY=1
2026-08-31T17:35:16    anomaly MOPS 資料中有 1 筆案件消失（sii/5546）；歷史案件正常不應消失。
2026-09-01T14:48:41 OK new=1 changed=0 removed=1 ANOMALY=1
2026-09-01T14:48:41    anomaly MOPS 資料中有 1 筆案件消失（sii/5546）；歷史案件正常不應消失。
2026-09-02T14:24:59 OK new=1 changed=1
2026-09-03T14:32:32 OK new=1 changed=0 removed=7 ANOMALY=1
2026-09-03T14:32:32    anomaly MOPS 資料中有 7 筆案件消失（otc/5371, otc/5371, otc/5371, otc/5371, otc/5371, ...）；歷史案件正常不應消失。
2026-09-07T15:49:50 OK new=1 changed=2
2026-09-08T14:28:47 OK new=1 changed=3 removed=1 ANOMALY=1
2026-09-08T14:28:47    anomaly MOPS 資料中有 1 筆案件消失（otc/6620）；歷史案件正常不應消失。
2026-09-09T14:31:33 OK new=0 changed=0
2026-09-10T14:22:09 OK new=0 changed=0
2026-09-11T14:23:15 OK new=2 changed=0
2026-09-14T16:20:15 OK new=0 changed=1
